ok - owner-matched retirement refuses a stale generation and accepts the current one
ok - caller environment, descriptors, and lifecycle entry cannot forge capture authority
ok - extension capture reservations are bounded to their runner lifecycle
error: process-event state root is not a private directory
ok - control-byte state roots cannot serialize claims or reservations
ok - crash recovery revalidates and cleans only the recorded state root
ok - post-registration inbox symlink substitution cannot redirect extension evidence
ok - post-registration registry symlink substitution cannot redirect external evidence
ok - external staging remains descriptor-bound across a registry directory swap
ok - external staging leaves remain no-follow descriptor-bound through capture
ok - external publication remains descriptor-bound after capture
ok - signal-terminated extension capture cannot publish an empty success
ok - capture helper retains the inherited inbox descriptor before publication
ok - capture cleanup preserves replacement runner records on every completion path
not-autohandled: legacy-link-source (left for the handler; still unacknowledged)
ok - absent-registry built-in capture retains its legacy state-path behavior
error[retirement-failed]: error[binding-in-use]: error: binding still owns process-event registration: inbox-swap-source
ok - overridden state confines extension work and captured-result operations
ok - bounded home sweep retires an extension source through its exact owner token
ok - legacy built-in registrations retain behavior and gain exact conditional retirement

all extension-binding tests passed
